
> devneet@0.0.0 build
> tsc -b && vite build

src/components/AboutSection.tsx(1,1): error TS6133: 'motion' is declared but its value is never read.
src/components/CaseStudy.tsx(2,20): error TS6133: 'ArrowRight' is declared but its value is never read.
src/components/ProblemSection.tsx(2,23): error TS6133: 'CheckCircle2' is declared but its value is never read.
src/components/ProblemSection.tsx(2,64): error TS2305: Module '"lucide-react"' has no exported member 'Linkedin'.
